Performing C SOURCE FILE Test HAVE_GCC_WDOCUMENTATION failed with the following output:
Change Dir: /src/build-linux-arm64/CMakeFiles/CMakeTmp

Run Build Command(s):/usr/bin/gmake -f Makefile cmTC_71692/fast && /usr/bin/gmake  -f CMakeFiles/cmTC_71692.dir/build.make CMakeFiles/cmTC_71692.dir/build
gmake[1]: Entering directory '/src/build-linux-arm64/CMakeFiles/CMakeTmp'
Building C object CMakeFiles/cmTC_71692.dir/src.c.o
/usr/bin/cc -DHAVE_GCC_WDOCUMENTATION  -D_GNU_SOURCE=1   -Wdocumentation -std=gnu11 -o CMakeFiles/cmTC_71692.dir/src.c.o -c /src/build-linux-arm64/CMakeFiles/CMakeTmp/src.c
cc: error: unrecognized command-line option '-Wdocumentation'
gmake[1]: *** [CMakeFiles/cmTC_71692.dir/build.make:78: CMakeFiles/cmTC_71692.dir/src.c.o] Error 1
gmake[1]: Leaving directory '/src/build-linux-arm64/CMakeFiles/CMakeTmp'
gmake: *** [Makefile:127: cmTC_71692/fast] Error 2


Source file was:
int main(void) { return 0; }
Performing C SOURCE FILE Test HAVE_GCC_WDOCUMENTATION_UNKNOWN_COMMAND failed with the following output:
Change Dir: /src/build-linux-arm64/CMakeFiles/CMakeTmp

Run Build Command(s):/usr/bin/gmake -f Makefile cmTC_96981/fast && /usr/bin/gmake  -f CMakeFiles/cmTC_96981.dir/build.make CMakeFiles/cmTC_96981.dir/build
gmake[1]: Entering directory '/src/build-linux-arm64/CMakeFiles/CMakeTmp'
Building C object CMakeFiles/cmTC_96981.dir/src.c.o
/usr/bin/cc -DHAVE_GCC_WDOCUMENTATION_UNKNOWN_COMMAND  -D_GNU_SOURCE=1   -Wdocumentation-unknown-command -std=gnu11 -o CMakeFiles/cmTC_96981.dir/src.c.o -c /src/build-linux-arm64/CMakeFiles/CMakeTmp/src.c
cc: error: unrecognized command-line option '-Wdocumentation-unknown-command'
gmake[1]: *** [CMakeFiles/cmTC_96981.dir/build.make:78: CMakeFiles/cmTC_96981.dir/src.c.o] Error 1
gmake[1]: Leaving directory '/src/build-linux-arm64/CMakeFiles/CMakeTmp'
gmake: *** [Makefile:127: cmTC_96981/fast] Error 2


Source file was:
int main(void) { return 0; }
Performing C SOURCE FILE Test HAVE_GCC_COMMENT_BLOCK_COMMANDS failed with the following output:
Change Dir: /src/build-linux-arm64/CMakeFiles/CMakeTmp

Run Build Command(s):/usr/bin/gmake -f Makefile cmTC_be0f2/fast && /usr/bin/gmake  -f CMakeFiles/cmTC_be0f2.dir/build.make CMakeFiles/cmTC_be0f2.dir/build
gmake[1]: Entering directory '/src/build-linux-arm64/CMakeFiles/CMakeTmp'
Building C object CMakeFiles/cmTC_be0f2.dir/src.c.o
/usr/bin/cc -DHAVE_GCC_COMMENT_BLOCK_COMMANDS  -D_GNU_SOURCE=1   -fcomment-block-commands=threadsafety -std=gnu11 -o CMakeFiles/cmTC_be0f2.dir/src.c.o -c /src/build-linux-arm64/CMakeFiles/CMakeTmp/src.c
cc: error: unrecognized command-line option '-fcomment-block-commands=threadsafety'
gmake[1]: *** [CMakeFiles/cmTC_be0f2.dir/build.make:78: CMakeFiles/cmTC_be0f2.dir/src.c.o] Error 1
gmake[1]: Leaving directory '/src/build-linux-arm64/CMakeFiles/CMakeTmp'
gmake: *** [Makefile:127: cmTC_be0f2/fast] Error 2


Source file was:
int main(void) { return 0; }
Performing C SOURCE FILE Test HAVE_CLANG_COMMENT_BLOCK_COMMANDS failed with the following output:
Change Dir: /src/build-linux-arm64/CMakeFiles/CMakeTmp

Run Build Command(s):/usr/bin/gmake -f Makefile cmTC_00f9a/fast && /usr/bin/gmake  -f CMakeFiles/cmTC_00f9a.dir/build.make CMakeFiles/cmTC_00f9a.dir/build
gmake[1]: Entering directory '/src/build-linux-arm64/CMakeFiles/CMakeTmp'
Building C object CMakeFiles/cmTC_00f9a.dir/src.c.o
/usr/bin/cc -DHAVE_CLANG_COMMENT_BLOCK_COMMANDS  -D_GNU_SOURCE=1   /clang:-fcomment-block-commands=threadsafety -std=gnu11 -o CMakeFiles/cmTC_00f9a.dir/src.c.o -c /src/build-linux-arm64/CMakeFiles/CMakeTmp/src.c
cc: warning: /clang:-fcomment-block-commands=threadsafety: linker input file unused because linking not done
cc: error: /clang:-fcomment-block-commands=threadsafety: linker input file not found: No such file or directory
gmake[1]: *** [CMakeFiles/cmTC_00f9a.dir/build.make:78: CMakeFiles/cmTC_00f9a.dir/src.c.o] Error 1
gmake[1]: *** Deleting file 'CMakeFiles/cmTC_00f9a.dir/src.c.o'
gmake[1]: Leaving directory '/src/build-linux-arm64/CMakeFiles/CMakeTmp'
gmake: *** [Makefile:127: cmTC_00f9a/fast] Error 2


Source file was:
int main(void) { return 0; }
Determining if the _i64toa exist failed with the following output:
Change Dir: /src/build-linux-arm64/CMakeFiles/CMakeTmp

Run Build Command(s):/usr/bin/gmake -f Makefile cmTC_0f47d/fast && /usr/bin/gmake  -f CMakeFiles/cmTC_0f47d.dir/build.make CMakeFiles/cmTC_0f47d.dir/build
gmake[1]: Entering directory '/src/build-linux-arm64/CMakeFiles/CMakeTmp'
Building C object CMakeFiles/cmTC_0f47d.dir/CheckSymbolExists.c.o
/usr/bin/cc   -D_GNU_SOURCE=1 -std=gnu11 -o CMakeFiles/cmTC_0f47d.dir/CheckSymbolExists.c.o -c /src/build-linux-arm64/CMakeFiles/CMakeTmp/CheckSymbolExists.c
/src/build-linux-arm64/CMakeFiles/CMakeTmp/CheckSymbolExists.c: In function 'main':
/src/build-linux-arm64/CMakeFiles/CMakeTmp/CheckSymbolExists.c:26:19: error: '_i64toa' undeclared (first use in this function)
   26 |   return ((int*)(&_i64toa))[argc];
      |                   ^~~~~~~
/src/build-linux-arm64/CMakeFiles/CMakeTmp/CheckSymbolExists.c:26:19: note: each undeclared identifier is reported only once for each function it appears in
gmake[1]: *** [CMakeFiles/cmTC_0f47d.dir/build.make:78: CMakeFiles/cmTC_0f47d.dir/CheckSymbolExists.c.o] Error 1
gmake[1]: Leaving directory '/src/build-linux-arm64/CMakeFiles/CMakeTmp'
gmake: *** [Makefile:127: cmTC_0f47d/fast] Error 2


File /src/build-linux-arm64/CMakeFiles/CMakeTmp/CheckSymbolExists.c:
/* */
#include <float.h>
#include <iconv.h>
#include <inttypes.h>
#include <limits.h>
#include <malloc.h>
#include <math.h>
#include <memory.h>
#include <signal.h>
#include <stdarg.h>
#include <stdbool.h>
#include <stddef.h>
#include <stdint.h>
#include <stdio.h>
#include <stdlib.h>
#include <string.h>
#include <strings.h>
#include <sys/types.h>
#include <time.h>
#include <wchar.h>

int main(int argc, char** argv)
{
  (void)argv;
#ifndef _i64toa
  return ((int*)(&_i64toa))[argc];
#else
  (void)argc;
  return 0;
#endif
}
Determining if the _i64toa_s exist failed with the following output:
Change Dir: /src/build-linux-arm64/CMakeFiles/CMakeTmp

Run Build Command(s):/usr/bin/gmake -f Makefile cmTC_5cac9/fast && /usr/bin/gmake  -f CMakeFiles/cmTC_5cac9.dir/build.make CMakeFiles/cmTC_5cac9.dir/build
gmake[1]: Entering directory '/src/build-linux-arm64/CMakeFiles/CMakeTmp'
Building C object CMakeFiles/cmTC_5cac9.dir/CheckSymbolExists.c.o
/usr/bin/cc   -D_GNU_SOURCE=1 -std=gnu11 -o CMakeFiles/cmTC_5cac9.dir/CheckSymbolExists.c.o -c /src/build-linux-arm64/CMakeFiles/CMakeTmp/CheckSymbolExists.c
/src/build-linux-arm64/CMakeFiles/CMakeTmp/CheckSymbolExists.c: In function 'main':
/src/build-linux-arm64/CMakeFiles/CMakeTmp/CheckSymbolExists.c:26:19: error: '_i64toa_s' undeclared (first use in this function)
   26 |   return ((int*)(&_i64toa_s))[argc];
      |                   ^~~~~~~~~
/src/build-linux-arm64/CMakeFiles/CMakeTmp/CheckSymbolExists.c:26:19: note: each undeclared identifier is reported only once for each function it appears in
gmake[1]: *** [CMakeFiles/cmTC_5cac9.dir/build.make:78: CMakeFiles/cmTC_5cac9.dir/CheckSymbolExists.c.o] Error 1
gmake[1]: Leaving directory '/src/build-linux-arm64/CMakeFiles/CMakeTmp'
gmake: *** [Makefile:127: cmTC_5cac9/fast] Error 2


File /src/build-linux-arm64/CMakeFiles/CMakeTmp/CheckSymbolExists.c:
/* */
#include <float.h>
#include <iconv.h>
#include <inttypes.h>
#include <limits.h>
#include <malloc.h>
#include <math.h>
#include <memory.h>
#include <signal.h>
#include <stdarg.h>
#include <stdbool.h>
#include <stddef.h>
#include <stdint.h>
#include <stdio.h>
#include <stdlib.h>
#include <string.h>
#include <strings.h>
#include <sys/types.h>
#include <time.h>
#include <wchar.h>

int main(int argc, char** argv)
{
  (void)argv;
#ifndef _i64toa_s
  return ((int*)(&_i64toa_s))[argc];
#else
  (void)argc;
  return 0;
#endif
}
Determining if the itoa exist failed with the following output:
Change Dir: /src/build-linux-arm64/CMakeFiles/CMakeTmp

Run Build Command(s):/usr/bin/gmake -f Makefile cmTC_072e8/fast && /usr/bin/gmake  -f CMakeFiles/cmTC_072e8.dir/build.make CMakeFiles/cmTC_072e8.dir/build
gmake[1]: Entering directory '/src/build-linux-arm64/CMakeFiles/CMakeTmp'
Building C object CMakeFiles/cmTC_072e8.dir/CheckSymbolExists.c.o
/usr/bin/cc   -D_GNU_SOURCE=1 -std=gnu11 -o CMakeFiles/cmTC_072e8.dir/CheckSymbolExists.c.o -c /src/build-linux-arm64/CMakeFiles/CMakeTmp/CheckSymbolExists.c
/src/build-linux-arm64/CMakeFiles/CMakeTmp/CheckSymbolExists.c: In function 'main':
/src/build-linux-arm64/CMakeFiles/CMakeTmp/CheckSymbolExists.c:26:19: error: 'itoa' undeclared (first use in this function)
   26 |   return ((int*)(&itoa))[argc];
      |                   ^~~~
/src/build-linux-arm64/CMakeFiles/CMakeTmp/CheckSymbolExists.c:26:19: note: each undeclared identifier is reported only once for each function it appears in
gmake[1]: *** [CMakeFiles/cmTC_072e8.dir/build.make:78: CMakeFiles/cmTC_072e8.dir/CheckSymbolExists.c.o] Error 1
gmake[1]: Leaving directory '/src/build-linux-arm64/CMakeFiles/CMakeTmp'
gmake: *** [Makefile:127: cmTC_072e8/fast] Error 2


File /src/build-linux-arm64/CMakeFiles/CMakeTmp/CheckSymbolExists.c:
/* */
#include <float.h>
#include <iconv.h>
#include <inttypes.h>
#include <limits.h>
#include <malloc.h>
#include <math.h>
#include <memory.h>
#include <signal.h>
#include <stdarg.h>
#include <stdbool.h>
#include <stddef.h>
#include <stdint.h>
#include <stdio.h>
#include <stdlib.h>
#include <string.h>
#include <strings.h>
#include <sys/types.h>
#include <time.h>
#include <wchar.h>

int main(int argc, char** argv)
{
  (void)argv;
#ifndef itoa
  return ((int*)(&itoa))[argc];
#else
  (void)argc;
  return 0;
#endif
}
Determining if the _itoa_s exist failed with the following output:
Change Dir: /src/build-linux-arm64/CMakeFiles/CMakeTmp

Run Build Command(s):/usr/bin/gmake -f Makefile cmTC_d13df/fast && /usr/bin/gmake  -f CMakeFiles/cmTC_d13df.dir/build.make CMakeFiles/cmTC_d13df.dir/build
gmake[1]: Entering directory '/src/build-linux-arm64/CMakeFiles/CMakeTmp'
Building C object CMakeFiles/cmTC_d13df.dir/CheckSymbolExists.c.o
/usr/bin/cc   -D_GNU_SOURCE=1 -std=gnu11 -o CMakeFiles/cmTC_d13df.dir/CheckSymbolExists.c.o -c /src/build-linux-arm64/CMakeFiles/CMakeTmp/CheckSymbolExists.c
/src/build-linux-arm64/CMakeFiles/CMakeTmp/CheckSymbolExists.c: In function 'main':
/src/build-linux-arm64/CMakeFiles/CMakeTmp/CheckSymbolExists.c:26:19: error: '_itoa_s' undeclared (first use in this function)
   26 |   return ((int*)(&_itoa_s))[argc];
      |                   ^~~~~~~
/src/build-linux-arm64/CMakeFiles/CMakeTmp/CheckSymbolExists.c:26:19: note: each undeclared identifier is reported only once for each function it appears in
gmake[1]: *** [CMakeFiles/cmTC_d13df.dir/build.make:78: CMakeFiles/cmTC_d13df.dir/CheckSymbolExists.c.o] Error 1
gmake[1]: Leaving directory '/src/build-linux-arm64/CMakeFiles/CMakeTmp'
gmake: *** [Makefile:127: cmTC_d13df/fast] Error 2


File /src/build-linux-arm64/CMakeFiles/CMakeTmp/CheckSymbolExists.c:
/* */
#include <float.h>
#include <iconv.h>
#include <inttypes.h>
#include <limits.h>
#include <malloc.h>
#include <math.h>
#include <memory.h>
#include <signal.h>
#include <stdarg.h>
#include <stdbool.h>
#include <stddef.h>
#include <stdint.h>
#include <stdio.h>
#include <stdlib.h>
#include <string.h>
#include <strings.h>
#include <sys/types.h>
#include <time.h>
#include <wchar.h>

int main(int argc, char** argv)
{
  (void)argv;
#ifndef _itoa_s
  return ((int*)(&_itoa_s))[argc];
#else
  (void)argc;
  return 0;
#endif
}
Determining if the _ltoa exist failed with the following output:
Change Dir: /src/build-linux-arm64/CMakeFiles/CMakeTmp

Run Build Command(s):/usr/bin/gmake -f Makefile cmTC_ee064/fast && /usr/bin/gmake  -f CMakeFiles/cmTC_ee064.dir/build.make CMakeFiles/cmTC_ee064.dir/build
gmake[1]: Entering directory '/src/build-linux-arm64/CMakeFiles/CMakeTmp'
Building C object CMakeFiles/cmTC_ee064.dir/CheckSymbolExists.c.o
/usr/bin/cc   -D_GNU_SOURCE=1 -std=gnu11 -o CMakeFiles/cmTC_ee064.dir/CheckSymbolExists.c.o -c /src/build-linux-arm64/CMakeFiles/CMakeTmp/CheckSymbolExists.c
/src/build-linux-arm64/CMakeFiles/CMakeTmp/CheckSymbolExists.c: In function 'main':
/src/build-linux-arm64/CMakeFiles/CMakeTmp/CheckSymbolExists.c:26:19: error: '_ltoa' undeclared (first use in this function)
   26 |   return ((int*)(&_ltoa))[argc];
      |                   ^~~~~
/src/build-linux-arm64/CMakeFiles/CMakeTmp/CheckSymbolExists.c:26:19: note: each undeclared identifier is reported only once for each function it appears in
gmake[1]: *** [CMakeFiles/cmTC_ee064.dir/build.make:78: CMakeFiles/cmTC_ee064.dir/CheckSymbolExists.c.o] Error 1
gmake[1]: Leaving directory '/src/build-linux-arm64/CMakeFiles/CMakeTmp'
gmake: *** [Makefile:127: cmTC_ee064/fast] Error 2


File /src/build-linux-arm64/CMakeFiles/CMakeTmp/CheckSymbolExists.c:
/* */
#include <float.h>
#include <iconv.h>
#include <inttypes.h>
#include <limits.h>
#include <malloc.h>
#include <math.h>
#include <memory.h>
#include <signal.h>
#include <stdarg.h>
#include <stdbool.h>
#include <stddef.h>
#include <stdint.h>
#include <stdio.h>
#include <stdlib.h>
#include <string.h>
#include <strings.h>
#include <sys/types.h>
#include <time.h>
#include <wchar.h>

int main(int argc, char** argv)
{
  (void)argv;
#ifndef _ltoa
  return ((int*)(&_ltoa))[argc];
#else
  (void)argc;
  return 0;
#endif
}
Determining if the _ltoa_s exist failed with the following output:
Change Dir: /src/build-linux-arm64/CMakeFiles/CMakeTmp

Run Build Command(s):/usr/bin/gmake -f Makefile cmTC_817c3/fast && /usr/bin/gmake  -f CMakeFiles/cmTC_817c3.dir/build.make CMakeFiles/cmTC_817c3.dir/build
gmake[1]: Entering directory '/src/build-linux-arm64/CMakeFiles/CMakeTmp'
Building C object CMakeFiles/cmTC_817c3.dir/CheckSymbolExists.c.o
/usr/bin/cc   -D_GNU_SOURCE=1 -std=gnu11 -o CMakeFiles/cmTC_817c3.dir/CheckSymbolExists.c.o -c /src/build-linux-arm64/CMakeFiles/CMakeTmp/CheckSymbolExists.c
/src/build-linux-arm64/CMakeFiles/CMakeTmp/CheckSymbolExists.c: In function 'main':
/src/build-linux-arm64/CMakeFiles/CMakeTmp/CheckSymbolExists.c:26:19: error: '_ltoa_s' undeclared (first use in this function)
   26 |   return ((int*)(&_ltoa_s))[argc];
      |                   ^~~~~~~
/src/build-linux-arm64/CMakeFiles/CMakeTmp/CheckSymbolExists.c:26:19: note: each undeclared identifier is reported only once for each function it appears in
gmake[1]: *** [CMakeFiles/cmTC_817c3.dir/build.make:78: CMakeFiles/cmTC_817c3.dir/CheckSymbolExists.c.o] Error 1
gmake[1]: Leaving directory '/src/build-linux-arm64/CMakeFiles/CMakeTmp'
gmake: *** [Makefile:127: cmTC_817c3/fast] Error 2


File /src/build-linux-arm64/CMakeFiles/CMakeTmp/CheckSymbolExists.c:
/* */
#include <float.h>
#include <iconv.h>
#include <inttypes.h>
#include <limits.h>
#include <malloc.h>
#include <math.h>
#include <memory.h>
#include <signal.h>
#include <stdarg.h>
#include <stdbool.h>
#include <stddef.h>
#include <stdint.h>
#include <stdio.h>
#include <stdlib.h>
#include <string.h>
#include <strings.h>
#include <sys/types.h>
#include <time.h>
#include <wchar.h>

int main(int argc, char** argv)
{
  (void)argv;
#ifndef _ltoa_s
  return ((int*)(&_ltoa_s))[argc];
#else
  (void)argc;
  return 0;
#endif
}
Determining if the sqr exist failed with the following output:
Change Dir: /src/build-linux-arm64/CMakeFiles/CMakeTmp

Run Build Command(s):/usr/bin/gmake -f Makefile cmTC_c1cea/fast && /usr/bin/gmake  -f CMakeFiles/cmTC_c1cea.dir/build.make CMakeFiles/cmTC_c1cea.dir/build
gmake[1]: Entering directory '/src/build-linux-arm64/CMakeFiles/CMakeTmp'
Building C object CMakeFiles/cmTC_c1cea.dir/CheckSymbolExists.c.o
/usr/bin/cc   -D_GNU_SOURCE=1 -std=gnu11 -o CMakeFiles/cmTC_c1cea.dir/CheckSymbolExists.c.o -c /src/build-linux-arm64/CMakeFiles/CMakeTmp/CheckSymbolExists.c
/src/build-linux-arm64/CMakeFiles/CMakeTmp/CheckSymbolExists.c: In function 'main':
/src/build-linux-arm64/CMakeFiles/CMakeTmp/CheckSymbolExists.c:26:19: error: 'sqr' undeclared (first use in this function); did you mean 'sqrt'?
   26 |   return ((int*)(&sqr))[argc];
      |                   ^~~
      |                   sqrt
/src/build-linux-arm64/CMakeFiles/CMakeTmp/CheckSymbolExists.c:26:19: note: each undeclared identifier is reported only once for each function it appears in
gmake[1]: *** [CMakeFiles/cmTC_c1cea.dir/build.make:78: CMakeFiles/cmTC_c1cea.dir/CheckSymbolExists.c.o] Error 1
gmake[1]: Leaving directory '/src/build-linux-arm64/CMakeFiles/CMakeTmp'
gmake: *** [Makefile:127: cmTC_c1cea/fast] Error 2


File /src/build-linux-arm64/CMakeFiles/CMakeTmp/CheckSymbolExists.c:
/* */
#include <float.h>
#include <iconv.h>
#include <inttypes.h>
#include <limits.h>
#include <malloc.h>
#include <math.h>
#include <memory.h>
#include <signal.h>
#include <stdarg.h>
#include <stdbool.h>
#include <stddef.h>
#include <stdint.h>
#include <stdio.h>
#include <stdlib.h>
#include <string.h>
#include <strings.h>
#include <sys/types.h>
#include <time.h>
#include <wchar.h>

int main(int argc, char** argv)
{
  (void)argv;
#ifndef sqr
  return ((int*)(&sqr))[argc];
#else
  (void)argc;
  return 0;
#endif
}
Determining if the strlcat exist failed with the following output:
Change Dir: /src/build-linux-arm64/CMakeFiles/CMakeTmp

Run Build Command(s):/usr/bin/gmake -f Makefile cmTC_0d463/fast && /usr/bin/gmake  -f CMakeFiles/cmTC_0d463.dir/build.make CMakeFiles/cmTC_0d463.dir/build
gmake[1]: Entering directory '/src/build-linux-arm64/CMakeFiles/CMakeTmp'
Building C object CMakeFiles/cmTC_0d463.dir/CheckSymbolExists.c.o
/usr/bin/cc   -D_GNU_SOURCE=1 -std=gnu11 -o CMakeFiles/cmTC_0d463.dir/CheckSymbolExists.c.o -c /src/build-linux-arm64/CMakeFiles/CMakeTmp/CheckSymbolExists.c
/src/build-linux-arm64/CMakeFiles/CMakeTmp/CheckSymbolExists.c: In function 'main':
/src/build-linux-arm64/CMakeFiles/CMakeTmp/CheckSymbolExists.c:26:19: error: 'strlcat' undeclared (first use in this function); did you mean 'strncat'?
   26 |   return ((int*)(&strlcat))[argc];
      |                   ^~~~~~~
      |                   strncat
/src/build-linux-arm64/CMakeFiles/CMakeTmp/CheckSymbolExists.c:26:19: note: each undeclared identifier is reported only once for each function it appears in
gmake[1]: *** [CMakeFiles/cmTC_0d463.dir/build.make:78: CMakeFiles/cmTC_0d463.dir/CheckSymbolExists.c.o] Error 1
gmake[1]: Leaving directory '/src/build-linux-arm64/CMakeFiles/CMakeTmp'
gmake: *** [Makefile:127: cmTC_0d463/fast] Error 2


File /src/build-linux-arm64/CMakeFiles/CMakeTmp/CheckSymbolExists.c:
/* */
#include <float.h>
#include <iconv.h>
#include <inttypes.h>
#include <limits.h>
#include <malloc.h>
#include <math.h>
#include <memory.h>
#include <signal.h>
#include <stdarg.h>
#include <stdbool.h>
#include <stddef.h>
#include <stdint.h>
#include <stdio.h>
#include <stdlib.h>
#include <string.h>
#include <strings.h>
#include <sys/types.h>
#include <time.h>
#include <wchar.h>

int main(int argc, char** argv)
{
  (void)argv;
#ifndef strlcat
  return ((int*)(&strlcat))[argc];
#else
  (void)argc;
  return 0;
#endif
}
Determining if the strlcpy exist failed with the following output:
Change Dir: /src/build-linux-arm64/CMakeFiles/CMakeTmp

Run Build Command(s):/usr/bin/gmake -f Makefile cmTC_f6fb5/fast && /usr/bin/gmake  -f CMakeFiles/cmTC_f6fb5.dir/build.make CMakeFiles/cmTC_f6fb5.dir/build
gmake[1]: Entering directory '/src/build-linux-arm64/CMakeFiles/CMakeTmp'
Building C object CMakeFiles/cmTC_f6fb5.dir/CheckSymbolExists.c.o
/usr/bin/cc   -D_GNU_SOURCE=1 -std=gnu11 -o CMakeFiles/cmTC_f6fb5.dir/CheckSymbolExists.c.o -c /src/build-linux-arm64/CMakeFiles/CMakeTmp/CheckSymbolExists.c
/src/build-linux-arm64/CMakeFiles/CMakeTmp/CheckSymbolExists.c: In function 'main':
/src/build-linux-arm64/CMakeFiles/CMakeTmp/CheckSymbolExists.c:26:19: error: 'strlcpy' undeclared (first use in this function); did you mean 'strncpy'?
   26 |   return ((int*)(&strlcpy))[argc];
      |                   ^~~~~~~
      |                   strncpy
/src/build-linux-arm64/CMakeFiles/CMakeTmp/CheckSymbolExists.c:26:19: note: each undeclared identifier is reported only once for each function it appears in
gmake[1]: *** [CMakeFiles/cmTC_f6fb5.dir/build.make:78: CMakeFiles/cmTC_f6fb5.dir/CheckSymbolExists.c.o] Error 1
gmake[1]: Leaving directory '/src/build-linux-arm64/CMakeFiles/CMakeTmp'
gmake: *** [Makefile:127: cmTC_f6fb5/fast] Error 2


File /src/build-linux-arm64/CMakeFiles/CMakeTmp/CheckSymbolExists.c:
/* */
#include <float.h>
#include <iconv.h>
#include <inttypes.h>
#include <limits.h>
#include <malloc.h>
#include <math.h>
#include <memory.h>
#include <signal.h>
#include <stdarg.h>
#include <stdbool.h>
#include <stddef.h>
#include <stdint.h>
#include <stdio.h>
#include <stdlib.h>
#include <string.h>
#include <strings.h>
#include <sys/types.h>
#include <time.h>
#include <wchar.h>

int main(int argc, char** argv)
{
  (void)argv;
#ifndef strlcpy
  return ((int*)(&strlcpy))[argc];
#else
  (void)argc;
  return 0;
#endif
}
Determining if the strnstr exist failed with the following output:
Change Dir: /src/build-linux-arm64/CMakeFiles/CMakeTmp

Run Build Command(s):/usr/bin/gmake -f Makefile cmTC_b33bb/fast && /usr/bin/gmake  -f CMakeFiles/cmTC_b33bb.dir/build.make CMakeFiles/cmTC_b33bb.dir/build
gmake[1]: Entering directory '/src/build-linux-arm64/CMakeFiles/CMakeTmp'
Building C object CMakeFiles/cmTC_b33bb.dir/CheckSymbolExists.c.o
/usr/bin/cc   -D_GNU_SOURCE=1 -std=gnu11 -o CMakeFiles/cmTC_b33bb.dir/CheckSymbolExists.c.o -c /src/build-linux-arm64/CMakeFiles/CMakeTmp/CheckSymbolExists.c
/src/build-linux-arm64/CMakeFiles/CMakeTmp/CheckSymbolExists.c: In function 'main':
/src/build-linux-arm64/CMakeFiles/CMakeTmp/CheckSymbolExists.c:26:19: error: 'strnstr' undeclared (first use in this function); did you mean 'strstr'?
   26 |   return ((int*)(&strnstr))[argc];
      |                   ^~~~~~~
      |                   strstr
/src/build-linux-arm64/CMakeFiles/CMakeTmp/CheckSymbolExists.c:26:19: note: each undeclared identifier is reported only once for each function it appears in
gmake[1]: *** [CMakeFiles/cmTC_b33bb.dir/build.make:78: CMakeFiles/cmTC_b33bb.dir/CheckSymbolExists.c.o] Error 1
gmake[1]: Leaving directory '/src/build-linux-arm64/CMakeFiles/CMakeTmp'
gmake: *** [Makefile:127: cmTC_b33bb/fast] Error 2


File /src/build-linux-arm64/CMakeFiles/CMakeTmp/CheckSymbolExists.c:
/* */
#include <float.h>
#include <iconv.h>
#include <inttypes.h>
#include <limits.h>
#include <malloc.h>
#include <math.h>
#include <memory.h>
#include <signal.h>
#include <stdarg.h>
#include <stdbool.h>
#include <stddef.h>
#include <stdint.h>
#include <stdio.h>
#include <stdlib.h>
#include <string.h>
#include <strings.h>
#include <sys/types.h>
#include <time.h>
#include <wchar.h>

int main(int argc, char** argv)
{
  (void)argv;
#ifndef strnstr
  return ((int*)(&strnstr))[argc];
#else
  (void)argc;
  return 0;
#endif
}
Determining if the wcslcat exist failed with the following output:
Change Dir: /src/build-linux-arm64/CMakeFiles/CMakeTmp

Run Build Command(s):/usr/bin/gmake -f Makefile cmTC_0eb43/fast && /usr/bin/gmake  -f CMakeFiles/cmTC_0eb43.dir/build.make CMakeFiles/cmTC_0eb43.dir/build
gmake[1]: Entering directory '/src/build-linux-arm64/CMakeFiles/CMakeTmp'
Building C object CMakeFiles/cmTC_0eb43.dir/CheckSymbolExists.c.o
/usr/bin/cc   -D_GNU_SOURCE=1 -std=gnu11 -o CMakeFiles/cmTC_0eb43.dir/CheckSymbolExists.c.o -c /src/build-linux-arm64/CMakeFiles/CMakeTmp/CheckSymbolExists.c
/src/build-linux-arm64/CMakeFiles/CMakeTmp/CheckSymbolExists.c: In function 'main':
/src/build-linux-arm64/CMakeFiles/CMakeTmp/CheckSymbolExists.c:26:19: error: 'wcslcat' undeclared (first use in this function); did you mean 'wcsncat'?
   26 |   return ((int*)(&wcslcat))[argc];
      |                   ^~~~~~~
      |                   wcsncat
/src/build-linux-arm64/CMakeFiles/CMakeTmp/CheckSymbolExists.c:26:19: note: each undeclared identifier is reported only once for each function it appears in
gmake[1]: *** [CMakeFiles/cmTC_0eb43.dir/build.make:78: CMakeFiles/cmTC_0eb43.dir/CheckSymbolExists.c.o] Error 1
gmake[1]: Leaving directory '/src/build-linux-arm64/CMakeFiles/CMakeTmp'
gmake: *** [Makefile:127: cmTC_0eb43/fast] Error 2


File /src/build-linux-arm64/CMakeFiles/CMakeTmp/CheckSymbolExists.c:
/* */
#include <float.h>
#include <iconv.h>
#include <inttypes.h>
#include <limits.h>
#include <malloc.h>
#include <math.h>
#include <memory.h>
#include <signal.h>
#include <stdarg.h>
#include <stdbool.h>
#include <stddef.h>
#include <stdint.h>
#include <stdio.h>
#include <stdlib.h>
#include <string.h>
#include <strings.h>
#include <sys/types.h>
#include <time.h>
#include <wchar.h>

int main(int argc, char** argv)
{
  (void)argv;
#ifndef wcslcat
  return ((int*)(&wcslcat))[argc];
#else
  (void)argc;
  return 0;
#endif
}
Determining if the wcslcpy exist failed with the following output:
Change Dir: /src/build-linux-arm64/CMakeFiles/CMakeTmp

Run Build Command(s):/usr/bin/gmake -f Makefile cmTC_19152/fast && /usr/bin/gmake  -f CMakeFiles/cmTC_19152.dir/build.make CMakeFiles/cmTC_19152.dir/build
gmake[1]: Entering directory '/src/build-linux-arm64/CMakeFiles/CMakeTmp'
Building C object CMakeFiles/cmTC_19152.dir/CheckSymbolExists.c.o
/usr/bin/cc   -D_GNU_SOURCE=1 -std=gnu11 -o CMakeFiles/cmTC_19152.dir/CheckSymbolExists.c.o -c /src/build-linux-arm64/CMakeFiles/CMakeTmp/CheckSymbolExists.c
/src/build-linux-arm64/CMakeFiles/CMakeTmp/CheckSymbolExists.c: In function 'main':
/src/build-linux-arm64/CMakeFiles/CMakeTmp/CheckSymbolExists.c:26:19: error: 'wcslcpy' undeclared (first use in this function); did you mean 'wcsncpy'?
   26 |   return ((int*)(&wcslcpy))[argc];
      |                   ^~~~~~~
      |                   wcsncpy
/src/build-linux-arm64/CMakeFiles/CMakeTmp/CheckSymbolExists.c:26:19: note: each undeclared identifier is reported only once for each function it appears in
gmake[1]: *** [CMakeFiles/cmTC_19152.dir/build.make:78: CMakeFiles/cmTC_19152.dir/CheckSymbolExists.c.o] Error 1
gmake[1]: Leaving directory '/src/build-linux-arm64/CMakeFiles/CMakeTmp'
gmake: *** [Makefile:127: cmTC_19152/fast] Error 2


File /src/build-linux-arm64/CMakeFiles/CMakeTmp/CheckSymbolExists.c:
/* */
#include <float.h>
#include <iconv.h>
#include <inttypes.h>
#include <limits.h>
#include <malloc.h>
#include <math.h>
#include <memory.h>
#include <signal.h>
#include <stdarg.h>
#include <stdbool.h>
#include <stddef.h>
#include <stdint.h>
#include <stdio.h>
#include <stdlib.h>
#include <string.h>
#include <strings.h>
#include <sys/types.h>
#include <time.h>
#include <wchar.h>

int main(int argc, char** argv)
{
  (void)argv;
#ifndef wcslcpy
  return ((int*)(&wcslcpy))[argc];
#else
  (void)argc;
  return 0;
#endif
}
Determining if the sysctlbyname exist failed with the following output:
Change Dir: /src/build-linux-arm64/CMakeFiles/CMakeTmp

Run Build Command(s):/usr/bin/gmake -f Makefile cmTC_a1ad5/fast && /usr/bin/gmake  -f CMakeFiles/cmTC_a1ad5.dir/build.make CMakeFiles/cmTC_a1ad5.dir/build
gmake[1]: Entering directory '/src/build-linux-arm64/CMakeFiles/CMakeTmp'
Building C object CMakeFiles/cmTC_a1ad5.dir/CheckSymbolExists.c.o
/usr/bin/cc   -D_GNU_SOURCE=1 -std=gnu11 -o CMakeFiles/cmTC_a1ad5.dir/CheckSymbolExists.c.o -c /src/build-linux-arm64/CMakeFiles/CMakeTmp/CheckSymbolExists.c
/src/build-linux-arm64/CMakeFiles/CMakeTmp/CheckSymbolExists.c:3:10: fatal error: sys/sysctl.h: No such file or directory
    3 | #include <sys/sysctl.h>
      |          ^~~~~~~~~~~~~~
compilation terminated.
gmake[1]: *** [CMakeFiles/cmTC_a1ad5.dir/build.make:78: CMakeFiles/cmTC_a1ad5.dir/CheckSymbolExists.c.o] Error 1
gmake[1]: Leaving directory '/src/build-linux-arm64/CMakeFiles/CMakeTmp'
gmake: *** [Makefile:127: cmTC_a1ad5/fast] Error 2


File /src/build-linux-arm64/CMakeFiles/CMakeTmp/CheckSymbolExists.c:
/* */
#include <sys/types.h>
#include <sys/sysctl.h>

int main(int argc, char** argv)
{
  (void)argv;
#ifndef sysctlbyname
  return ((int*)(&sysctlbyname))[argc];
#else
  (void)argc;
  return 0;
#endif
}
Determining if the elf_aux_info exist failed with the following output:
Change Dir: /src/build-linux-arm64/CMakeFiles/CMakeTmp

Run Build Command(s):/usr/bin/gmake -f Makefile cmTC_2d651/fast && /usr/bin/gmake  -f CMakeFiles/cmTC_2d651.dir/build.make CMakeFiles/cmTC_2d651.dir/build
gmake[1]: Entering directory '/src/build-linux-arm64/CMakeFiles/CMakeTmp'
Building C object CMakeFiles/cmTC_2d651.dir/CheckSymbolExists.c.o
/usr/bin/cc   -D_GNU_SOURCE=1 -std=gnu11 -o CMakeFiles/cmTC_2d651.dir/CheckSymbolExists.c.o -c /src/build-linux-arm64/CMakeFiles/CMakeTmp/CheckSymbolExists.c
/src/build-linux-arm64/CMakeFiles/CMakeTmp/CheckSymbolExists.c: In function 'main':
/src/build-linux-arm64/CMakeFiles/CMakeTmp/CheckSymbolExists.c:8:19: error: 'elf_aux_info' undeclared (first use in this function)
    8 |   return ((int*)(&elf_aux_info))[argc];
      |                   ^~~~~~~~~~~~
/src/build-linux-arm64/CMakeFiles/CMakeTmp/CheckSymbolExists.c:8:19: note: each undeclared identifier is reported only once for each function it appears in
gmake[1]: *** [CMakeFiles/cmTC_2d651.dir/build.make:78: CMakeFiles/cmTC_2d651.dir/CheckSymbolExists.c.o] Error 1
gmake[1]: Leaving directory '/src/build-linux-arm64/CMakeFiles/CMakeTmp'
gmake: *** [Makefile:127: cmTC_2d651/fast] Error 2


File /src/build-linux-arm64/CMakeFiles/CMakeTmp/CheckSymbolExists.c:
/* */
#include <sys/auxv.h>

int main(int argc, char** argv)
{
  (void)argv;
#ifndef elf_aux_info
  return ((int*)(&elf_aux_info))[argc];
#else
  (void)argc;
  return 0;
#endif
}
Determining if the posix_spawn_file_actions_addchdir exist failed with the following output:
Change Dir: /src/build-linux-arm64/CMakeFiles/CMakeTmp

Run Build Command(s):/usr/bin/gmake -f Makefile cmTC_a6442/fast && /usr/bin/gmake  -f CMakeFiles/cmTC_a6442.dir/build.make CMakeFiles/cmTC_a6442.dir/build
gmake[1]: Entering directory '/src/build-linux-arm64/CMakeFiles/CMakeTmp'
Building C object CMakeFiles/cmTC_a6442.dir/CheckSymbolExists.c.o
/usr/bin/cc   -D_GNU_SOURCE=1 -std=gnu11 -o CMakeFiles/cmTC_a6442.dir/CheckSymbolExists.c.o -c /src/build-linux-arm64/CMakeFiles/CMakeTmp/CheckSymbolExists.c
/src/build-linux-arm64/CMakeFiles/CMakeTmp/CheckSymbolExists.c: In function 'main':
/src/build-linux-arm64/CMakeFiles/CMakeTmp/CheckSymbolExists.c:8:19: error: 'posix_spawn_file_actions_addchdir' undeclared (first use in this function); did you mean 'posix_spawn_file_actions_addchdir_np'?
    8 |   return ((int*)(&posix_spawn_file_actions_addchdir))[argc];
      |                   ^~~~~~~~~~~~~~~~~~~~~~~~~~~~~~~~~
      |                   posix_spawn_file_actions_addchdir_np
/src/build-linux-arm64/CMakeFiles/CMakeTmp/CheckSymbolExists.c:8:19: note: each undeclared identifier is reported only once for each function it appears in
gmake[1]: *** [CMakeFiles/cmTC_a6442.dir/build.make:78: CMakeFiles/cmTC_a6442.dir/CheckSymbolExists.c.o] Error 1
gmake[1]: Leaving directory '/src/build-linux-arm64/CMakeFiles/CMakeTmp'
gmake: *** [Makefile:127: cmTC_a6442/fast] Error 2


File /src/build-linux-arm64/CMakeFiles/CMakeTmp/CheckSymbolExists.c:
/* */
#include <spawn.h>

int main(int argc, char** argv)
{
  (void)argv;
#ifndef posix_spawn_file_actions_addchdir
  return ((int*)(&posix_spawn_file_actions_addchdir))[argc];
#else
  (void)argc;
  return 0;
#endif
}
Performing C SOURCE FILE Test ICONV_IN_LIBICONV failed with the following output:
Change Dir: /src/build-linux-arm64/CMakeFiles/CMakeTmp

Run Build Command(s):/usr/bin/gmake -f Makefile cmTC_f4505/fast && /usr/bin/gmake  -f CMakeFiles/cmTC_f4505.dir/build.make CMakeFiles/cmTC_f4505.dir/build
gmake[1]: Entering directory '/src/build-linux-arm64/CMakeFiles/CMakeTmp'
Building C object CMakeFiles/cmTC_f4505.dir/src.c.o
/usr/bin/cc -DICONV_IN_LIBICONV  -D_GNU_SOURCE=1 -std=gnu11 -o CMakeFiles/cmTC_f4505.dir/src.c.o -c /src/build-linux-arm64/CMakeFiles/CMakeTmp/src.c
Linking C executable cmTC_f4505
/usr/bin/cmake -E cmake_link_script CMakeFiles/cmTC_f4505.dir/link.txt --verbose=1
/usr/bin/cc   -D_GNU_SOURCE=1 CMakeFiles/cmTC_f4505.dir/src.c.o -o cmTC_f4505  -liconv 
/usr/bin/ld: cannot find -liconv: No such file or directory
collect2: error: ld returned 1 exit status
gmake[1]: *** [CMakeFiles/cmTC_f4505.dir/build.make:99: cmTC_f4505] Error 1
gmake[1]: Leaving directory '/src/build-linux-arm64/CMakeFiles/CMakeTmp'
gmake: *** [Makefile:127: cmTC_f4505/fast] Error 2


Source file was:

      #include <stddef.h>
      #include <iconv.h>
      int main(int argc, char **argv) {
          return !iconv_open(NULL,NULL);
      }
Performing C SOURCE FILE Test HAVE_OPENGLES_V1 failed with the following output:
Change Dir: /src/build-linux-arm64/CMakeFiles/CMakeTmp

Run Build Command(s):/usr/bin/gmake -f Makefile cmTC_74aaa/fast && /usr/bin/gmake  -f CMakeFiles/cmTC_74aaa.dir/build.make CMakeFiles/cmTC_74aaa.dir/build
gmake[1]: Entering directory '/src/build-linux-arm64/CMakeFiles/CMakeTmp'
Building C object CMakeFiles/cmTC_74aaa.dir/src.c.o
/usr/bin/cc -DHAVE_OPENGLES_V1 -I/src/sources/SDL/src/video/khronos -D_GNU_SOURCE=1 -std=gnu11 -o CMakeFiles/cmTC_74aaa.dir/src.c.o -c /src/build-linux-arm64/CMakeFiles/CMakeTmp/src.c
/src/build-linux-arm64/CMakeFiles/CMakeTmp/src.c:2:18: fatal error: GLES/gl.h: No such file or directory
    2 |         #include <GLES/gl.h>
      |                  ^~~~~~~~~~~
compilation terminated.
gmake[1]: *** [CMakeFiles/cmTC_74aaa.dir/build.make:78: CMakeFiles/cmTC_74aaa.dir/src.c.o] Error 1
gmake[1]: Leaving directory '/src/build-linux-arm64/CMakeFiles/CMakeTmp'
gmake: *** [Makefile:127: cmTC_74aaa/fast] Error 2


Source file was:

        #include <GLES/gl.h>
        #include <GLES/glext.h>
        int main (int argc, char** argv) { return 0; }
Determining if the include file libudev.h exists failed with the following output:
Change Dir: /src/build-linux-arm64/CMakeFiles/CMakeTmp

Run Build Command(s):/usr/bin/gmake -f Makefile cmTC_63c7f/fast && /usr/bin/gmake  -f CMakeFiles/cmTC_63c7f.dir/build.make CMakeFiles/cmTC_63c7f.dir/build
gmake[1]: Entering directory '/src/build-linux-arm64/CMakeFiles/CMakeTmp'
Building C object CMakeFiles/cmTC_63c7f.dir/CheckIncludeFile.c.o
/usr/bin/cc   -D_GNU_SOURCE=1 -std=gnu11 -o CMakeFiles/cmTC_63c7f.dir/CheckIncludeFile.c.o -c /src/build-linux-arm64/CMakeFiles/CMakeTmp/CheckIncludeFile.c
/src/build-linux-arm64/CMakeFiles/CMakeTmp/CheckIncludeFile.c:1:10: fatal error: libudev.h: No such file or directory
    1 | #include <libudev.h>
      |          ^~~~~~~~~~~
compilation terminated.
gmake[1]: *** [CMakeFiles/cmTC_63c7f.dir/build.make:78: CMakeFiles/cmTC_63c7f.dir/CheckIncludeFile.c.o] Error 1
gmake[1]: Leaving directory '/src/build-linux-arm64/CMakeFiles/CMakeTmp'
gmake: *** [Makefile:127: cmTC_63c7f/fast] Error 2



Performing C SOURCE FILE Test LIBC_HAS_WORKING_LIBUNWIND failed with the following output:
Change Dir: /src/build-linux-arm64/CMakeFiles/CMakeTmp

Run Build Command(s):/usr/bin/gmake -f Makefile cmTC_aec18/fast && /usr/bin/gmake  -f CMakeFiles/cmTC_aec18.dir/build.make CMakeFiles/cmTC_aec18.dir/build
gmake[1]: Entering directory '/src/build-linux-arm64/CMakeFiles/CMakeTmp'
Building C object CMakeFiles/cmTC_aec18.dir/src.c.o
/usr/bin/cc -DLIBC_HAS_WORKING_LIBUNWIND  -D_GNU_SOURCE=1 -std=gnu11 -o CMakeFiles/cmTC_aec18.dir/src.c.o -c /src/build-linux-arm64/CMakeFiles/CMakeTmp/src.c
/src/build-linux-arm64/CMakeFiles/CMakeTmp/src.c:1:16: fatal error: libunwind.h: No such file or directory
    1 |       #include <libunwind.h>
      |                ^~~~~~~~~~~~~
compilation terminated.
gmake[1]: *** [CMakeFiles/cmTC_aec18.dir/build.make:78: CMakeFiles/cmTC_aec18.dir/src.c.o] Error 1
gmake[1]: Leaving directory '/src/build-linux-arm64/CMakeFiles/CMakeTmp'
gmake: *** [Makefile:127: cmTC_aec18/fast] Error 2


Source file was:
      #include <libunwind.h>
      int main(int argc, char *argv[]) {
        (void)argc; (void)argv;
        unw_context_t context;
        unw_cursor_t cursor;
        unw_word_t pc;
        char sym[256];
        unw_word_t offset;
        unw_getcontext(&context);
        unw_step(&cursor);
        unw_get_reg(&cursor, UNW_REG_IP, &pc);
        unw_get_proc_name(&cursor, sym, sizeof(sym), &offset);
        return 0;
      }
Performing C SOURCE FILE Test LIBUNWIND_HAS_WORKINGLIBUNWIND failed with the following output:
Change Dir: /src/build-linux-arm64/CMakeFiles/CMakeTmp

Run Build Command(s):/usr/bin/gmake -f Makefile cmTC_dbd5a/fast && /usr/bin/gmake  -f CMakeFiles/cmTC_dbd5a.dir/build.make CMakeFiles/cmTC_dbd5a.dir/build
gmake[1]: Entering directory '/src/build-linux-arm64/CMakeFiles/CMakeTmp'
Building C object CMakeFiles/cmTC_dbd5a.dir/src.c.o
/usr/bin/cc -DLIBUNWIND_HAS_WORKINGLIBUNWIND  -D_GNU_SOURCE=1 -std=gnu11 -o CMakeFiles/cmTC_dbd5a.dir/src.c.o -c /src/build-linux-arm64/CMakeFiles/CMakeTmp/src.c
/src/build-linux-arm64/CMakeFiles/CMakeTmp/src.c:1:16: fatal error: libunwind.h: No such file or directory
    1 |       #include <libunwind.h>
      |                ^~~~~~~~~~~~~
compilation terminated.
gmake[1]: *** [CMakeFiles/cmTC_dbd5a.dir/build.make:78: CMakeFiles/cmTC_dbd5a.dir/src.c.o] Error 1
gmake[1]: Leaving directory '/src/build-linux-arm64/CMakeFiles/CMakeTmp'
gmake: *** [Makefile:127: cmTC_dbd5a/fast] Error 2


Source file was:
      #include <libunwind.h>
      int main(int argc, char *argv[]) {
        (void)argc; (void)argv;
        unw_context_t context;
        unw_cursor_t cursor;
        unw_word_t pc;
        char sym[256];
        unw_word_t offset;
        unw_getcontext(&context);
        unw_step(&cursor);
        unw_get_reg(&cursor, UNW_REG_IP, &pc);
        unw_get_proc_name(&cursor, sym, sizeof(sym), &offset);
        return 0;
      }
Determining if the include file pthread_np.h exists failed with the following output:
Change Dir: /src/build-linux-arm64/CMakeFiles/CMakeTmp

Run Build Command(s):/usr/bin/gmake -f Makefile cmTC_fc940/fast && /usr/bin/gmake  -f CMakeFiles/cmTC_fc940.dir/build.make CMakeFiles/cmTC_fc940.dir/build
gmake[1]: Entering directory '/src/build-linux-arm64/CMakeFiles/CMakeTmp'
Building C object CMakeFiles/cmTC_fc940.dir/CheckIncludeFile.c.o
/usr/bin/cc   -D_GNU_SOURCE=1 -D_REENTRANT -pthread -std=gnu11 -o CMakeFiles/cmTC_fc940.dir/CheckIncludeFile.c.o -c /src/build-linux-arm64/CMakeFiles/CMakeTmp/CheckIncludeFile.c
/src/build-linux-arm64/CMakeFiles/CMakeTmp/CheckIncludeFile.c:1:10: fatal error: pthread_np.h: No such file or directory
    1 | #include <pthread_np.h>
      |          ^~~~~~~~~~~~~~
compilation terminated.
gmake[1]: *** [CMakeFiles/cmTC_fc940.dir/build.make:78: CMakeFiles/cmTC_fc940.dir/CheckIncludeFile.c.o] Error 1
gmake[1]: Leaving directory '/src/build-linux-arm64/CMakeFiles/CMakeTmp'
gmake: *** [Makefile:127: cmTC_fc940/fast] Error 2



